cmd : Error: -classpath requires class path specification
At line:1 char:1
+ cmd /c gradlew.bat compileDebugKotlin > compile.log 2>&1
+ ~~~~~~~~~~~~~~~~~~~~~~~~~~~~~~~~~~~~~~~~~~~~~~~~~~~~~~~~
    + CategoryInfo          : NotSpecified: (Error: -classpa...h specification:String) [], RemoteException
    + FullyQualifiedErrorId : NativeCommandError
 
